[debug] [2026-09-16T04:52:34.681Z] ----------------------------------------------------------------------
[debug] [2026-09-16T04:52:34.683Z] Command:       /usr/local/bin/node /usr/local/bin/firebase deploy
[debug] [2026-09-16T04:52:34.683Z] CLI Version:   14.9.0
[debug] [2026-09-16T04:52:34.683Z] Platform:      darwin
[debug] [2026-09-16T04:52:34.683Z] Node Version:  v22.14.0
[debug] [2026-09-16T04:52:34.684Z] Time:          Tue Sep 15 2026 22:52:34 GMT-0600 (Mountain Daylight Time)
[debug] [2026-09-16T04:52:34.684Z] ----------------------------------------------------------------------
[debug] 
[debug] [2026-09-16T04:52:34.685Z] >>> [apiv2][query] GET https://firebase-public.firebaseio.com/cli.json [none]
[debug] [2026-09-16T04:52:34.807Z] > command requires scopes: ["email","openid","https://www.googleapis.com/auth/cloudplatformprojects.readonly","https://www.googleapis.com/auth/firebase","https://www.googleapis.com/auth/cloud-platform"]
[debug] [2026-09-16T04:52:34.807Z] > authorizing via signed-in user (muehringluke@gmail.com)
[debug] [2026-09-16T04:52:34.807Z] [iam] checking project omnibus-health for permissions ["firebase.projects.get","firebasehosting.sites.update"]
[debug] [2026-09-16T04:52:34.807Z] Checked if tokens are valid: false, expires at: 1761423738540
[debug] [2026-09-16T04:52:34.807Z] Checked if tokens are valid: false, expires at: 1761423738540
[debug] [2026-09-16T04:52:34.807Z] > refreshing access token with scopes: []
[debug] [2026-09-16T04:52:34.808Z] >>> [apiv2][query] POST https://www.googleapis.com/oauth2/v3/token [none]
[debug] [2026-09-16T04:52:34.808Z] >>> [apiv2][body] POST https://www.googleapis.com/oauth2/v3/token [omitted]
[debug] [2026-09-16T04:52:34.952Z] <<< [apiv2][status] GET https://firebase-public.firebaseio.com/cli.json 200
[debug] [2026-09-16T04:52:34.953Z] <<< [apiv2][body] GET https://firebase-public.firebaseio.com/cli.json {"cloudBuildErrorAfter":1594252800000,"cloudBuildWarnAfter":1590019200000,"defaultNode10After":1594252800000,"minVersion":"3.0.5","node8DeploysDisabledAfter":1613390400000,"node8RuntimeDisabledAfter":1615809600000,"node8WarnAfter":1600128000000}
[debug] [2026-09-16T04:52:34.963Z] <<< [apiv2][status] POST https://www.googleapis.com/oauth2/v3/token 400
[debug] [2026-09-16T04:52:34.963Z] <<< [apiv2][body] POST https://www.googleapis.com/oauth2/v3/token [omitted]
[debug] [2026-09-16T04:52:34.963Z] >>> [apiv2][query] POST https://cloudresourcemanager.googleapis.com/v1/projects/omnibus-health:testIamPermissions [none]
[debug] [2026-09-16T04:52:34.963Z] >>> [apiv2][(partial)header] POST https://cloudresourcemanager.googleapis.com/v1/projects/omnibus-health:testIamPermissions x-goog-quota-user=projects/omnibus-health
[debug] [2026-09-16T04:52:34.963Z] >>> [apiv2][body] POST https://cloudresourcemanager.googleapis.com/v1/projects/omnibus-health:testIamPermissions {"permissions":["firebase.projects.get","firebasehosting.sites.update"]}
[debug] [2026-09-16T04:52:35.132Z] <<< [apiv2][status] POST https://cloudresourcemanager.googleapis.com/v1/projects/omnibus-health:testIamPermissions 401
[debug] [2026-09-16T04:52:35.132Z] <<< [apiv2][body] POST https://cloudresourcemanager.googleapis.com/v1/projects/omnibus-health:testIamPermissions {"error":{"code":401,"message":"Request had invalid authentication credentials. Expected OAuth 2 access token, login cookie or other valid authentication credential. See https://developers.google.com/identity/sign-in/web/devconsole-project.","status":"UNAUTHENTICATED","details":[{"@type":"type.googleapis.com/google.rpc.ErrorInfo","reason":"ACCESS_TOKEN_TYPE_UNSUPPORTED","metadata":{"method":"google.cloudresourcemanager.v1.Projects.TestIamPermissions","service":"cloudresourcemanager.googleapis.com"}}]}}
[debug] [2026-09-16T04:52:35.132Z] Got a 401 Unauthenticated error for a call that required authentication. Refreshing tokens.
[debug] [2026-09-16T04:52:35.132Z] Checked if tokens are valid: false, expires at: 1761423738540
[debug] [2026-09-16T04:52:35.132Z] Checked if tokens are valid: false, expires at: 1761423738540
[debug] [2026-09-16T04:52:35.132Z] > refreshing access token with scopes: []
[debug] [2026-09-16T04:52:35.132Z] >>> [apiv2][query] POST https://www.googleapis.com/oauth2/v3/token [none]
[debug] [2026-09-16T04:52:35.132Z] >>> [apiv2][body] POST https://www.googleapis.com/oauth2/v3/token [omitted]
[debug] [2026-09-16T04:52:35.197Z] <<< [apiv2][status] POST https://www.googleapis.com/oauth2/v3/token 400
[debug] [2026-09-16T04:52:35.197Z] <<< [apiv2][body] POST https://www.googleapis.com/oauth2/v3/token [omitted]
[debug] [2026-09-16T04:52:35.198Z] [iam] error while checking permissions, command may fail: Request to https://cloudresourcemanager.googleapis.com/v1/projects/omnibus-health:testIamPermissions had HTTP Error: 401, Request had invalid authentication credentials. Expected OAuth 2 access token, login cookie or other valid authentication credential. See https://developers.google.com/identity/sign-in/web/devconsole-project.
[debug] [2026-09-16T04:52:35.198Z] Checked if tokens are valid: false, expires at: 1761423738540
[debug] [2026-09-16T04:52:35.198Z] Checked if tokens are valid: false, expires at: 1761423738540
[debug] [2026-09-16T04:52:35.198Z] > refreshing access token with scopes: []
[debug] [2026-09-16T04:52:35.198Z] >>> [apiv2][query] POST https://www.googleapis.com/oauth2/v3/token [none]
[debug] [2026-09-16T04:52:35.198Z] >>> [apiv2][body] POST https://www.googleapis.com/oauth2/v3/token [omitted]
[debug] [2026-09-16T04:52:35.295Z] <<< [apiv2][status] POST https://www.googleapis.com/oauth2/v3/token 400
[debug] [2026-09-16T04:52:35.295Z] <<< [apiv2][body] POST https://www.googleapis.com/oauth2/v3/token [omitted]
[debug] [2026-09-16T04:52:35.295Z] >>> [apiv2][query] GET https://firebase.googleapis.com/v1beta1/projects/omnibus-health [none]
[debug] [2026-09-16T04:52:35.403Z] <<< [apiv2][status] GET https://firebase.googleapis.com/v1beta1/projects/omnibus-health 401
[debug] [2026-09-16T04:52:35.403Z] <<< [apiv2][body] GET https://firebase.googleapis.com/v1beta1/projects/omnibus-health {"error":{"code":401,"message":"Request had invalid authentication credentials. Expected OAuth 2 access token, login cookie or other valid authentication credential. See https://developers.google.com/identity/sign-in/web/devconsole-project.","status":"UNAUTHENTICATED"}}
[debug] [2026-09-16T04:52:35.403Z] Got a 401 Unauthenticated error for a call that required authentication. Refreshing tokens.
[debug] [2026-09-16T04:52:35.404Z] Checked if tokens are valid: false, expires at: 1761423738540
[debug] [2026-09-16T04:52:35.404Z] Checked if tokens are valid: false, expires at: 1761423738540
[debug] [2026-09-16T04:52:35.404Z] > refreshing access token with scopes: []
[debug] [2026-09-16T04:52:35.404Z] >>> [apiv2][query] POST https://www.googleapis.com/oauth2/v3/token [none]
[debug] [2026-09-16T04:52:35.404Z] >>> [apiv2][body] POST https://www.googleapis.com/oauth2/v3/token [omitted]
[debug] [2026-09-16T04:52:35.473Z] <<< [apiv2][status] POST https://www.googleapis.com/oauth2/v3/token 400
[debug] [2026-09-16T04:52:35.473Z] <<< [apiv2][body] POST https://www.googleapis.com/oauth2/v3/token [omitted]
[debug] [2026-09-16T04:52:35.473Z] Request to https://firebase.googleapis.com/v1beta1/projects/omnibus-health had HTTP Error: 401, Request had invalid authentication credentials. Expected OAuth 2 access token, login cookie or other valid authentication credential. See https://developers.google.com/identity/sign-in/web/devconsole-project.
[error] 
[error] Error: Assertion failed: resolving hosting target of a site with no site name or target name. This should have caused an error earlier
